
> mahdisalem-com@0.0.1 build
> npm run content:all && astro build && npx pagefind --site dist


> mahdisalem-com@0.0.1 content:all
> node scripts/process-content.mjs --all

🚀 شروع پردازش همه محتوا...

📚 کتاب‌ها: 0

📄 مقالات: 8

📄 پردازش: iran-transition-article.mdx
   🤖 تحلیل AI...
   💾 ذخیره: iran-transition-article.mdx

📄 پردازش: آشنایی-با-دوران-گذار-انقلابی.mdx
   🤖 تحلیل AI...
   💾 ذخیره: آشنایی-با-دوران-گذار-انقلابی.mdx

📄 پردازش: ارتش-و-انقلاب-ها.mdx
   🤖 تحلیل AI...
   💾 ذخیره: ارتش-و-انقلاب-ها.mdx

📄 پردازش: انقلاب-شناسی-تحلیل-جامع-انقلاب-فرانسه.mdx
   🤖 تحلیل AI...
   💾 ذخیره: انقلاب-شناسی-تحلیل-جامع-انقلاب-فرانسه.mdx

📄 پردازش: انقلاب-شناسی-تحلیلی-از-انقلاب-1917-روسیه.mdx
   🤖 تحلیل AI...
   💾 ذخیره: انقلاب-شناسی-تحلیلی-از-انقلاب-1917-روسیه.mdx

📄 پردازش: انواع-سطوح-تغییر-سیاسی.mdx
   🤖 تحلیل AI...
   💾 ذخیره: انواع-سطوح-تغییر-سیاسی.mdx

📄 پردازش: مروری-بر-شیوه-های-تغییر-رژیم-های-سیاسی.mdx
   🤖 تحلیل AI...
   💾 ذخیره: مروری-بر-شیوه-های-تغییر-رژیم-های-سیاسی.mdx

📄 پردازش: مقایسه‌ای-انقلاب-ایران-روسیه.mdx
   🤖 تحلیل AI...
   💾 ذخیره: مقایسه‌ای-انقلاب-ایران-روسیه.mdx

════════════════════════════════════════════════════════════
📊 گزارش نهایی
════════════════════════════════════════════════════════════
   📄 LaTeX: 0
   📝 Markdown: 8
   📑 PDF: 0
   📃 Word: 0
   🤖 AI: 8
   📊 Mermaid: 52 (کش: 0)
   ❌ خطا: 0
════════════════════════════════════════════════════════════

[2m17:53:56[22m [34m[content][39m Syncing content
[2m17:53:56[22m [34m[content][39m Synced content
[2m17:53:56[22m [34m[types][39m Generated [2m439ms[22m
[2m17:53:56[22m [34m[build][39m output: [34m"static"[39m
[2m17:53:56[22m [34m[build][39m mode: [34m"static"[39m
[2m17:53:56[22m [34m[build][39m directory: [34mD:\Code\MahdiSalem.com\dist\[39m
[2m17:53:56[22m [34m[build][39m Collecting build info...
[2m17:53:56[22m [34m[build][39m [32m✓ Completed in 475ms.[39m
[2m17:53:56[22m [34m[build][39m Building static entrypoints...
[31m[1m17:53:56[22m [ERROR] [vite][39m [31m✗[39m Build failed in 814ms
[@mdx-js/rollup] Unexpected character `۵` (U+06F5) before name, expected a character that can start a name, such as a letter, `$`, or `_`
file: D:/Code/MahdiSalem.com/src/content/articles/fa/آشنایی-با-دوران-گذار-انقلابی.mdx:393:27
  [1mLocation:[22m
    [4mD:/Code/MahdiSalem.com/src/content/articles/fa/آشنایی-با-دوران-گذار-انقلابی.mdx:393:27[24m
  [1mStack trace:[22m
[2m    at Object.transform (file:///D:/Code/MahdiSalem.com/node_modules/@astrojs/mdx/dist/vite-plugin-mdx.js:62:15)[22m
