[2m17:37:22[22m [34m[vite][39m Re-optimizing dependencies because vite config has changed
[2m17:37:23[22m [34m[content][39m Syncing content
[2m17:37:23[22m [34m[content][39m Synced content
[2m17:37:23[22m [34m[types][39m Generated [2m583ms[22m
[2m17:37:23[22m [34m[build][39m output: [34m"static"[39m
[2m17:37:23[22m [34m[build][39m mode: [34m"static"[39m
[2m17:37:23[22m [34m[build][39m directory: [34mC:\Users\b0583931\GitHub\MahdiSalem.com\dist\[39m
[2m17:37:23[22m [34m[build][39m Collecting build info...
[2m17:37:23[22m [34m[build][39m [32m✓ Completed in 618ms.[39m
[2m17:37:23[22m [34m[build][39m Building static entrypoints...
[2m17:37:29[22m [34m[vite][39m [32m✓ built in 5.62s[39m
[2m17:37:29[22m [34m[build][39m [32m✓ Completed in 5.64s.[39m

[42m[30m building client (vite) [39m[49m
[2m17:37:29[22m [34m[vite][39m transforming...
[2m17:37:29[22m [34m[vite][39m [32m✓[39m 23 modules transformed.
[2m17:37:29[22m [34m[vite][39m rendering chunks...
[2m17:37:29[22m [34m[vite][39m [32m✓ built in 44ms[39m

[42m[30m generating static routes [39m[49m
[2m17:37:29[22m [32m▶[39m src/pages/about.astro
[2m17:37:29[22m   [34m└─[39m [2m/about/index.html[22m [2m(+7ms)[22m 
[2m17:37:29[22m [32m▶[39m src/pages/analytics.astro
[2m17:37:29[22m   [34m└─[39m [2m/analytics/index.html[22m [2m(+14ms)[22m 
[2m17:37:29[22m [32m▶[39m src/pages/articles/[slug].astro
[2m17:37:29[22m   [34m├─[39m [2m/articles/iran-transition-article/index.html[22m [2m(+12ms)[22m 
[2m17:37:29[22m   [34m├─[39m [2m/articles/آشنایی-با-دوران-گذار-انقلابی/index.html[22m [2m(+9ms)[22m 
[2m17:37:29[22m   [34m├─[39m [2m/articles/ارتش-و-انقلاب-ها/index.html[22m [2m(+10ms)[22m 
[2m17:37:29[22m   [34m├─[39m [2m/articles/انقلاب-شناسی-تحلیلی-از-انقلاب-1917-روسیه/index.html[22m [2m(+8ms)[22m 
[2m17:37:29[22m   [34m├─[39m [2m/articles/انواع-سطوح-تغییر-سیاسی/index.html[22m [2m(+8ms)[22m 
[2m17:37:29[22m   [34m├─[39m [2m/articles/مقایسهای-انقلاب-ایران-روسیه/index.html[22m [2m(+7ms)[22m 
[2m17:37:29[22m   [34m├─[39m [2m/articles/انقلاب-شناسی-تحلیل-جامع-انقلاب-فرانسه/index.html[22m [2m(+9ms)[22m 
[2m17:37:29[22m   [34m├─[39m [2m/articles/مروری-بر-شیوه-های-تغییر-رژیم-های-سیاسی/index.html[22m [2m(+10ms)[22m 
[2m17:37:29[22m   [34m└─[39m [2m/articles/chart-test/index.html[22m [2m(+19ms)[22m 
[2m17:37:29[22m [32m▶[39m src/pages/articles/index.astro
[2m17:37:29[22m   [34m└─[39m [2m/articles/index.html[22m [2m(+3ms)[22m 
[2m17:37:29[22m [32m▶[39m src/pages/books/index.astro
[2m17:37:29[22m   [34m└─[39m [2m/books/index.html[22m [2m(+2ms)[22m 
[2m17:37:29[22m [32m▶[39m src/pages/books/[...slug].astro
[2m17:37:29[22m   [34m├─[39m [2m/books/shadow-political-court-for-iran/index.html[22m [2m(+26ms)[22m 
[2m17:37:29[22m   [34m└─[39m [2m/books/iran-transition-monitoring/index.html[22m [2m(+14ms)[22m 
[2m17:37:29[22m [32m▶[39m src/pages/contact.astro
[2m17:37:29[22m   [34m└─[39m [2m/contact/index.html[22m [2m(+2ms)[22m 
[2m17:37:29[22m [32m▶[39m src/pages/contents.astro
[2m17:37:29[22m   [34m└─[39m [2m/contents/index.html[22m [2m(+3ms)[22m 
[2m17:37:29[22m [32m▶[39m src/pages/drafts.astro
[2m17:37:29[22m   [34m└─[39m [2m/drafts/index.html[22m [2m(+3ms)[22m 
[2m17:37:29[22m [32m▶[39m src/pages/en/about.astro
[2m17:37:29[22m   [34m└─[39m [2m/en/about/index.html[22m [2m(+2ms)[22m 
[2m17:37:29[22m [32m▶[39m src/pages/en/analytics.astro
[2m17:37:29[22m   [34m└─[39m [2m/en/analytics/index.html[22m [2m(+3ms)[22m 
[2m17:37:29[22m [32m▶[39m src/pages/en/articles/[slug].astro
[2m17:37:29[22m   [34m└─[39m [2m/en/articles/democracy-and-ethics/index.html[22m [2m(+3ms)[22m 
[2m17:37:29[22m [32m▶[39m src/pages/en/articles/index.astro
[2m17:37:29[22m   [34m└─[39m [2m/en/articles/index.html[22m [2m(+3ms)[22m 
[2m17:37:29[22m [32m▶[39m src/pages/en/books/index.astro
[2m17:37:29[22m   [34m└─[39m [2m/en/books/index.html[22m [2m(+3ms)[22m 
[2m17:37:29[22m [32m▶[39m src/pages/en/books/[...slug].astro
[2m17:37:29[22m   [34m└─[39m [2m/en/books/ethical-evaluation/index.html[22m [2m(+2ms)[22m 
[2m17:37:29[22m [32m▶[39m src/pages/en/contact.astro
[2m17:37:29[22m   [34m└─[39m [2m/en/contact/index.html[22m [2m(+1ms)[22m 
[2m17:37:29[22m [32m▶[39m src/pages/en/contents.astro
[2m17:37:29[22m   [34m└─[39m [2m/en/contents/index.html[22m [2m(+3ms)[22m 
[2m17:37:29[22m [32m▶[39m src/pages/en/drafts.astro
[2m17:37:29[22m   [34m└─[39m [2m/en/drafts/index.html[22m [2m(+4ms)[22m 
[2m17:37:29[22m [32m▶[39m src/pages/en/multimedia/[slug].astro
[2m17:37:29[22m [32m▶[39m src/pages/en/multimedia/index.astro
[2m17:37:29[22m   [34m└─[39m [2m/en/multimedia/index.html[22m [2m(+2ms)[22m 
[2m17:37:29[22m [32m▶[39m src/pages/en/newsletter.astro
[2m17:37:29[22m   [34m└─[39m [2m/en/newsletter/index.html[22m [2m(+2ms)[22m 
[2m17:37:29[22m [32m▶[39m src/pages/en/search.astro
[2m17:37:29[22m   [34m└─[39m [2m/en/search/index.html[22m [2m(+1ms)[22m 
[2m17:37:29[22m [32m▶[39m src/pages/en/statements/[slug].astro
[2m17:37:29[22m   [34m└─[39m [2m/en/statements/democratic-transition/index.html[22m [2m(+2ms)[22m 
[2m17:37:29[22m [32m▶[39m src/pages/en/statements/index.astro
[2m17:37:29[22m   [34m└─[39m [2m/en/statements/index.html[22m [2m(+2ms)[22m 
[2m17:37:29[22m [32m▶[39m src/pages/en/support.astro
[2m17:37:29[22m   [34m└─[39m [2m/en/support/index.html[22m [2m(+2ms)[22m 
[2m17:37:29[22m [32m▶[39m src/pages/en/tags/[tag].astro
[2m17:37:29[22m   [34m├─[39m [2m/en/tags/democracy/index.html[22m [2m(+2ms)[22m 
[2m17:37:29[22m   [34m├─[39m [2m/en/tags/ethics/index.html[22m [2m(+1ms)[22m 
[2m17:37:29[22m   [34m├─[39m [2m/en/tags/analytical philosophy/index.html[22m [2m(+1ms)[22m 
[2m17:37:29[22m   [34m└─[39m [2m/en/tags/Iran/index.html[22m [2m(+1ms)[22m 
[2m17:37:29[22m [32m▶[39m src/pages/en/tags/index.astro
[2m17:37:29[22m   [34m└─[39m [2m/en/tags/index.html[22m [2m(+3ms)[22m 
[2m17:37:29[22m [32m▶[39m src/pages/en/timeline.astro
[2m17:37:29[22m   [34m└─[39m [2m/en/timeline/index.html[22m [2m(+3ms)[22m 
[2m17:37:29[22m [32m▶[39m src/pages/en/wiki/[slug].astro
[2m17:37:29[22m [32m▶[39m src/pages/en/wiki/index.astro
[2m17:37:29[22m   [34m└─[39m [2m/en/wiki/index.html[22m [2m(+2ms)[22m 
[2m17:37:29[22m [32m▶[39m src/pages/en/index.astro
[2m17:37:29[22m   [34m└─[39m [2m/en/index.html[22m [2m(+3ms)[22m 
[2m17:37:29[22m [32m▶[39m src/pages/multimedia/[slug].astro
[2m17:37:29[22m   [34m├─[39m [2m/multimedia/example-audio/index.html[22m [2m(+6ms)[22m 
[2m17:37:29[22m   [34m├─[39m [2m/multimedia/example-video/index.html[22m [2m(+3ms)[22m 
[2m17:37:29[22m   [34m├─[39m [2m/multimedia/podcast-ethics-and-law/index.html[22m [2m(+3ms)[22m 
[2m17:37:29[22m   [34m└─[39m [2m/multimedia/truth-clip2023/index.html[22m [2m(+2ms)[22m 
[2m17:37:29[22m [32m▶[39m src/pages/multimedia/index.astro
[2m17:37:29[22m   [34m└─[39m [2m/multimedia/index.html[22m [2m(+3ms)[22m 
[2m17:37:29[22m [32m▶[39m src/pages/newsletter.astro
[2m17:37:29[22m   [34m└─[39m [2m/newsletter/index.html[22m [2m(+1ms)[22m 
[2m17:37:29[22m [35mλ[39m src/pages/rss-en.xml.ts
[2m17:37:29[22m   [34m└─[39m [2m/rss-en.xml[22m [2m(+4ms)[22m 
[2m17:37:29[22m [35mλ[39m src/pages/rss-fa.xml.ts
[2m17:37:29[22m   [34m└─[39m [2m/rss-fa.xml[22m [2m(+2ms)[22m 
[2m17:37:29[22m [32m▶[39m src/pages/search.astro
[2m17:37:29[22m   [34m└─[39m [2m/search/index.html[22m [2m(+2ms)[22m 
[2m17:37:29[22m [32m▶[39m src/pages/statements/[slug].astro
[2m17:37:29[22m   [34m└─[39m [2m/statements/democratic-transition/index.html[22m [2m(+2ms)[22m 
[2m17:37:29[22m [32m▶[39m src/pages/statements/index.astro
[2m17:37:29[22m   [34m└─[39m [2m/statements/index.html[22m [2m(+2ms)[22m 
[2m17:37:29[22m [32m▶[39m src/pages/support.astro
[2m17:37:29[22m   [34m└─[39m [2m/support/index.html[22m [2m(+1ms)[22m 
[2m17:37:29[22m [32m▶[39m src/pages/tags/[tag].astro
[2m17:37:29[22m   [34m├─[39m [2m/tags/گذار دموکراتیک/index.html[22m [2m(+41ms)[22m 
[2m17:37:29[22m   [34m├─[39m [2m/tags/ایران/index.html[22m [2m(+2ms)[22m 
[2m17:37:29[22m   [34m├─[39m [2m/tags/نهادها/index.html[22m [2m(+2ms)[22m 
[2m17:37:29[22m   [34m├─[39m [2m/tags/مشارکت/index.html[22m [2m(+2ms)[22m 
[2m17:37:29[22m   [34m├─[39m [2m/tags/همکاری/index.html[22m [2m(+2ms)[22m 
[2m17:37:29[22m   [34m├─[39m [2m/tags/مدیریت بحران/index.html[22m [2m(+1ms)[22m 
[2m17:37:29[22m   [34m├─[39m [2m/tags/نهادسازی/index.html[22m [2m(+1ms)[22m 
[2m17:37:29[22m   [34m├─[39m [2m/tags/عدالت انتقالی/index.html[22m [2m(+1ms)[22m 
[2m17:37:29[22m   [34m├─[39m [2m/tags/ارتش/index.html[22m [2m(+1ms)[22m 
[2m17:37:29[22m   [34m├─[39m [2m/tags/انقلاب/index.html[22m [2m(+1ms)[22m 
[2m17:37:29[22m   [34m├─[39m [2m/tags/نظامی‌گری/index.html[22m [2m(+1ms)[22m 
[2m17:37:29[22m   [34m├─[39m [2m/tags/کودتا/index.html[22m [2m(+2ms)[22m 
[2m17:37:29[22m   [34m├─[39m [2m/tags/انقلاب روسیه/index.html[22m [2m(+2ms)[22m 
[2m17:37:29[22m   [34m├─[39m [2m/tags/بلشویک/index.html[22m [2m(+1ms)[22m 
[2m17:37:29[22m   [34m├─[39m [2m/tags/شوروی/index.html[22m [2m(+1ms)[22m 
[2m17:37:29[22m   [34m├─[39m [2m/tags/تاریخ جهان/index.html[22m [2m(+1ms)[22m 
[2m17:37:29[22m   [34m├─[39m [2m/tags/تغییر سیاسی/index.html[22m [2m(+2ms)[22m 
[2m17:37:29[22m   [34m├─[39m [2m/tags/اصلاحات/index.html[22m [2m(+2ms)[22m 
[2m17:37:29[22m   [34m├─[39m [2m/tags/انقلاب ایران/index.html[22m [2m(+1ms)[22m 
[2m17:37:29[22m   [34m├─[39m [2m/tags/مقایسه/index.html[22m [2m(+2ms)[22m 
[2m17:37:29[22m   [34m├─[39m [2m/tags/تحلیل تطبیقی/index.html[22m [2m(+1ms)[22m 
[2m17:37:29[22m   [34m├─[39m [2m/tags/انقلاب فرانسه/index.html[22m [2m(+1ms)[22m 
[2m17:37:29[22m   [34m├─[39m [2m/tags/تاریخ اروپا/index.html[22m [2m(+2ms)[22m 
[2m17:37:29[22m   [34m├─[39m [2m/tags/لیبرالیسم/index.html[22m [2m(+2ms)[22m 
[2m17:37:29[22m   [34m├─[39m [2m/tags/Jakobin/index.html[22m [2m(+2ms)[22m 
[2m17:37:29[22m   [34m├─[39m [2m/tags/تغییر رژیم/index.html[22m [2m(+2ms)[22m 
[2m17:37:29[22m   [34m└─[39m [2m/tags/نظریه سیاسی/index.html[22m [2m(+1ms)[22m 
[2m17:37:29[22m [32m▶[39m src/pages/tags/index.astro
[2m17:37:29[22m   [34m└─[39m [2m/tags/index.html[22m [2m(+3ms)[22m 
[2m17:37:29[22m [32m▶[39m src/pages/timeline.astro
[2m17:37:29[22m   [34m└─[39m [2m/timeline/index.html[22m [2m(+3ms)[22m 
[2m17:37:29[22m [32m▶[39m src/pages/wiki/[slug].astro
[2m17:37:29[22m   [34m└─[39m [2m/wiki/proposed-constitution/index.html[22m [2m(+2ms)[22m 
[2m17:37:29[22m [32m▶[39m src/pages/wiki/index.astro
[2m17:37:29[22m   [34m└─[39m [2m/wiki/index.html[22m [2m(+2ms)[22m 
[2m17:37:29[22m [32m▶[39m src/pages/index.astro
[2m17:37:29[22m   [34m└─[39m [2m/index.html[22m [2m(+3ms)[22m 
[2m17:37:29[22m [32m✓ Completed in 501ms.
[39m
[2m17:37:29[22m [34m[@astrojs/sitemap][39m `sitemap-index.xml` created at `dist`
[2m17:37:29[22m [34m[build][39m 83 page(s) built in [1m6.90s[22m
[2m17:37:29[22m [34m[build][39m [1mComplete![22m
